-- The C compiler identification is Clang 22.1.8
-- The CXX compiler identification is Clang 22.1.8
-- Detecting C compiler ABI info
-- Detecting C compiler ABI info - done
-- Check for working C compiler: C:/Users/Shadow/file_manager/.build/toolchain/msys64/clang64/bin/clang.exe - skipped
-- Detecting C compile features
-- Detecting C compile features - done
-- Detecting CXX compiler ABI info
-- Detecting CXX compiler ABI info - done
-- Check for working CXX compiler: C:/Users/Shadow/file_manager/.build/toolchain/msys64/clang64/bin/clang++.exe - skipped
-- Detecting CXX compile features
-- Detecting CXX compile features - done
-- Found PkgConfig: C:/Users/Shadow/file_manager/.build/toolchain/msys64/clang64/bin/pkg-config.exe (found version "3.0.7")
-- Checking for modules 'vorbisfile;vorbisenc;vorbis;ogg'
--   Found vorbisfile, version 1.3.7
--   Found vorbisenc, version 1.3.7
--   Found vorbis, version 1.3.7
--   Found ogg, version 1.3.6
-- Configuring done (2.9s)
-- Generating done (0.1s)
-- Build files have been written to: C:/Users/Shadow/gui_forms/.build/stx-perf
